Archive member included to satisfy reference by file (symbol)

c:/st/stm32cubeide_1.7.0/stm32cubeide/plugins/com.st.stm32cube.ide.mcu.externaltools.gnu-tools-for-stm32.9-2020-q2-update.win32_2.0.0.202105311346/tools/bin/../lib/gcc/arm-none-eabi/9.3.1/../../../../arm-none-eabi/lib/thumb/v7e-m+fp/hard\libc_nano.a(lib_a-errno.o)
                              ./Core/Src/syscalls.o (__errno)
c:/st/stm32cubeide_1.7.0/stm32cubeide/plugins/com.st.stm32cube.ide.mcu.externaltools.gnu-tools-for-stm32.9-2020-q2-update.win32_2.0.0.202105311346/tools/bin/../lib/gcc/arm-none-eabi/9.3.1/../../../../arm-none-eabi/lib/thumb/v7e-m+fp/hard\libc_nano.a(lib_a-exit.o)
                              c:/st/stm32cubeide_1.7.0/stm32cubeide/plugins/com.st.stm32cube.ide.mcu.externaltools.gnu-tools-for-stm32.9-2020-q2-update.win32_2.0.0.202105311346/tools/bin/../lib/gcc/arm-none-eabi/9.3.1/../../../../arm-none-eabi/lib/thumb/v7e-m+fp/hard/crt0.o (exit)
c:/st/stm32cubeide_1.7.0/stm32cubeide/plugins/com.st.stm32cube.ide.mcu.externaltools.gnu-tools-for-stm32.9-2020-q2-update.win32_2.0.0.202105311346/tools/bin/../lib/gcc/arm-none-eabi/9.3.1/../../../../arm-none-eabi/lib/thumb/v7e-m+fp/hard\libc_nano.a(lib_a-impure.o)
                              c:/st/stm32cubeide_1.7.0/stm32cubeide/plugins/com.st.stm32cube.ide.mcu.externaltools.gnu-tools-for-stm32.9-2020-q2-update.win32_2.0.0.202105311346/tools/bin/../lib/gcc/arm-none-eabi/9.3.1/../../../../arm-none-eabi/lib/thumb/v7e-m+fp/hard\libc_nano.a(lib_a-exit.o) (_global_impure_ptr)
c:/st/stm32cubeide_1.7.0/stm32cubeide/plugins/com.st.stm32cube.ide.mcu.externaltools.gnu-tools-for-stm32.9-2020-q2-update.win32_2.0.0.202105311346/tools/bin/../lib/gcc/arm-none-eabi/9.3.1/../../../../arm-none-eabi/lib/thumb/v7e-m+fp/hard\libc_nano.a(lib_a-init.o)
                              c:/st/stm32cubeide_1.7.0/stm32cubeide/plugins/com.st.stm32cube.ide.mcu.externaltools.gnu-tools-for-stm32.9-2020-q2-update.win32_2.0.0.202105311346/tools/bin/../lib/gcc/arm-none-eabi/9.3.1/../../../../arm-none-eabi/lib/thumb/v7e-m+fp/hard/crt0.o (__libc_init_array)
c:/st/stm32cubeide_1.7.0/stm32cubeide/plugins/com.st.stm32cube.ide.mcu.externaltools.gnu-tools-for-stm32.9-2020-q2-update.win32_2.0.0.202105311346/tools/bin/../lib/gcc/arm-none-eabi/9.3.1/../../../../arm-none-eabi/lib/thumb/v7e-m+fp/hard\libc_nano.a(lib_a-memset.o)
                              c:/st/stm32cubeide_1.7.0/stm32cubeide/plugins/com.st.stm32cube.ide.mcu.externaltools.gnu-tools-for-stm32.9-2020-q2-update.win32_2.0.0.202105311346/tools/bin/../lib/gcc/arm-none-eabi/9.3.1/../../../../arm-none-eabi/lib/thumb/v7e-m+fp/hard/crt0.o (memset)
c:/st/stm32cubeide_1.7.0/stm32cubeide/plugins/com.st.stm32cube.ide.mcu.externaltools.gnu-tools-for-stm32.9-2020-q2-update.win32_2.0.0.202105311346/tools/bin/../lib/gcc/arm-none-eabi/9.3.1/thumb/v7e-m+fp/hard\libgcc.a(_aeabi_uldivmod.o)
                              ./Drivers/STM32F4xx_HAL_Driver/Src/stm32f4xx_hal_rcc.o (__aeabi_uldivmod)
c:/st/stm32cubeide_1.7.0/stm32cubeide/plugins/com.st.stm32cube.ide.mcu.externaltools.gnu-tools-for-stm32.9-2020-q2-update.win32_2.0.0.202105311346/tools/bin/../lib/gcc/arm-none-eabi/9.3.1/thumb/v7e-m+fp/hard\libgcc.a(_udivmoddi4.o)
                              c:/st/stm32cubeide_1.7.0/stm32cubeide/plugins/com.st.stm32cube.ide.mcu.externaltools.gnu-tools-for-stm32.9-2020-q2-update.win32_2.0.0.202105311346/tools/bin/../lib/gcc/arm-none-eabi/9.3.1/thumb/v7e-m+fp/hard\libgcc.a(_aeabi_uldivmod.o) (__udivmoddi4)
c:/st/stm32cubeide_1.7.0/stm32cubeide/plugins/com.st.stm32cube.ide.mcu.externaltools.gnu-tools-for-stm32.9-2020-q2-update.win32_2.0.0.202105311346/tools/bin/../lib/gcc/arm-none-eabi/9.3.1/thumb/v7e-m+fp/hard\libgcc.a(_dvmd_tls.o)
                              c:/st/stm32cubeide_1.7.0/stm32cubeide/plugins/com.st.stm32cube.ide.mcu.externaltools.gnu-tools-for-stm32.9-2020-q2-update.win32_2.0.0.202105311346/tools/bin/../lib/gcc/arm-none-eabi/9.3.1/thumb/v7e-m+fp/hard\libgcc.a(_aeabi_uldivmod.o) (__aeabi_ldiv0)

Allocating common symbols
Common symbol       size              file

hi2c1               0x54              ./Core/Src/main.o
uwTick              0x4               ./Drivers/STM32F4xx_HAL_Driver/Src/stm32f4xx_hal.o
pFlash              0x20              ./Drivers/STM32F4xx_HAL_Driver/Src/stm32f4xx_hal_flash.o
huart1              0x44              ./Core/Src/main.o
HDC1080             0x14              ./HDC1080/HDC1080.o

Discarded input sections

 .text          0x0000000000000000        0x0 c:/st/stm32cubeide_1.7.0/stm32cubeide/plugins/com.st.stm32cube.ide.mcu.externaltools.gnu-tools-for-stm32.9-2020-q2-update.win32_2.0.0.202105311346/tools/bin/../lib/gcc/arm-none-eabi/9.3.1/thumb/v7e-m+fp/hard/crti.o
 .data          0x0000000000000000        0x0 c:/st/stm32cubeide_1.7.0/stm32cubeide/plugins/com.st.stm32cube.ide.mcu.externaltools.gnu-tools-for-stm32.9-2020-q2-update.win32_2.0.0.202105311346/tools/bin/../lib/gcc/arm-none-eabi/9.3.1/thumb/v7e-m+fp/hard/crti.o
[...]
Memory Configuration

Name             Origin             Length             Attributes
RAM              0x0000000020000000 0x0000000000020000 xrw
FLASH            0x0000000008000000 0x0000000000080000 xr
*default*        0x0000000000000000 0xffffffffffffffff

Linker script and memory map

LOAD c:/st/stm32cubeide_1.7.0/stm32cubeide/plugins/com.st.stm32cube.ide.mcu.externaltools.gnu-tools-for-stm32.9-2020-q2-update.win32_2.0.0.202105311346/tools/bin/../lib/gcc/arm-none-eabi/9.3.1/thumb/v7e-m+fp/hard/crti.o
LOAD c:/st/stm32cubeide_1.7.0/stm32cubeide/plugins/com.st.stm32cube.ide.mcu.externaltools.gnu-tools-for-stm32.9-2020-q2-update.win32_2.0.0.202105311346/tools/bin/../lib/gcc/arm-none-eabi/9.3.1/thumb/v7e-m+fp/hard/crtbegin.o
LOAD c:/st/stm32cubeide_1.7.0/stm32cubeide/plugins/com.st.stm32cube.ide.mcu.externaltools.gnu-tools-for-stm32.9-2020-q2-update.win32_2.0.0.202105311346/tools/bin/../lib/gcc/arm-none-eabi/9.3.1/../../../../arm-none-eabi/lib/thumb/v7e-m+fp/hard/crt0.o
LOAD ./Core/Src/main.o
LOAD ./Core/Src/stm32f4xx_hal_msp.o
LOAD ./Core/Src/stm32f4xx_it.o
LOAD ./Core/Src/syscalls.o
LOAD ./Core/Src/sysmem.o
LOAD ./Core/Src/system_stm32f4xx.o
LOAD ./Core/Startup/startup_stm32f411ceux.o
LOAD ./Drivers/STM32F4xx_HAL_Driver/Src/stm32f4xx_hal.o
LOAD ./Drivers/STM32F4xx_HAL_Driver/Src/stm32f4xx_hal_cortex.o
LOAD ./Drivers/STM32F4xx_HAL_Driver/Src/stm32f4xx_hal_dma.o
LOAD ./Drivers/STM32F4xx_HAL_Driver/Src/stm32f4xx_hal_dma_ex.o
LOAD ./Drivers/STM32F4xx_HAL_Driver/Src/stm32f4xx_hal_exti.o
LOAD ./Drivers/STM32F4xx_HAL_Driver/Src/stm32f4xx_hal_flash.o
LOAD ./Drivers/STM32F4xx_HAL_Driver/Src/stm32f4xx_hal_flash_ex.o
LOAD ./Drivers/STM32F4xx_HAL_Driver/Src/stm32f4xx_hal_flash_ramfunc.o
LOAD ./Drivers/STM32F4xx_HAL_Driver/Src/stm32f4xx_hal_gpio.o
LOAD ./Drivers/STM32F4xx_HAL_Driver/Src/stm32f4xx_hal_i2c.o
LOAD ./Drivers/STM32F4xx_HAL_Driver/Src/stm32f4xx_hal_i2c_ex.o
LOAD ./Drivers/STM32F4xx_HAL_Driver/Src/stm32f4xx_hal_pwr.o
LOAD ./Drivers/STM32F4xx_HAL_Driver/Src/stm32f4xx_hal_pwr_ex.o
LOAD ./Drivers/STM32F4xx_HAL_Driver/Src/stm32f4xx_hal_rcc.o
LOAD ./Drivers/STM32F4xx_HAL_Driver/Src/stm32f4xx_hal_rcc_ex.o
LOAD ./Drivers/STM32F4xx_HAL_Driver/Src/stm32f4xx_hal_tim.o
LOAD ./Drivers/STM32F4xx_HAL_Driver/Src/stm32f4xx_hal_tim_ex.o
LOAD ./Drivers/STM32F4xx_HAL_Driver/Src/stm32f4xx_hal_uart.o
LOAD ./HDC1080/HDC1080.o
LOAD ./ModbusRTU_slave/ModbusRTU_slave.o
START GROUP
LOAD c:/st/stm32cubeide_1.7.0/stm32cubeide/plugins/com.st.stm32cube.ide.mcu.externaltools.gnu-tools-for-stm32.9-2020-q2-update.win32_2.0.0.202105311346/tools/bin/../lib/gcc/arm-none-eabi/9.3.1/../../../../arm-none-eabi/lib/thumb/v7e-m+fp/hard\libc_nano.a
LOAD c:/st/stm32cubeide_1.7.0/stm32cubeide/plugins/com.st.stm32cube.ide.mcu.externaltools.gnu-tools-for-stm32.9-2020-q2-update.win32_2.0.0.202105311346/tools/bin/../lib/gcc/arm-none-eabi/9.3.1/../../../../arm-none-eabi/lib/thumb/v7e-m+fp/hard\libm.a
END GROUP
START GROUP
LOAD c:/st/stm32cubeide_1.7.0/stm32cubeide/plugins/com.st.stm32cube.ide.mcu.externaltools.gnu-tools-for-stm32.9-2020-q2-update.win32_2.0.0.202105311346/tools/bin/../lib/gcc/arm-none-eabi/9.3.1/thumb/v7e-m+fp/hard\libgcc.a
LOAD c:/st/stm32cubeide_1.7.0/stm32cubeide/plugins/com.st.stm32cube.ide.mcu.externaltools.gnu-tools-for-stm32.9-2020-q2-update.win32_2.0.0.202105311346/tools/bin/../lib/gcc/arm-none-eabi/9.3.1/../../../../arm-none-eabi/lib/thumb/v7e-m+fp/hard\libc_nano.a
END GROUP
START GROUP
LOAD c:/st/stm32cubeide_1.7.0/stm32cubeide/plugins/com.st.stm32cube.ide.mcu.externaltools.gnu-tools-for-stm32.9-2020-q2-update.win32_2.0.0.202105311346/tools/bin/../lib/gcc/arm-none-eabi/9.3.1/thumb/v7e-m+fp/hard\libgcc.a
LOAD c:/st/stm32cubeide_1.7.0/stm32cubeide/plugins/com.st.stm32cube.ide.mcu.externaltools.gnu-tools-for-stm32.9-2020-q2-update.win32_2.0.0.202105311346/tools/bin/../lib/gcc/arm-none-eabi/9.3.1/../../../../arm-none-eabi/lib/thumb/v7e-m+fp/hard\libc_nano.a
LOAD c:/st/stm32cubeide_1.7.0/stm32cubeide/plugins/com.st.stm32cube.ide.mcu.externaltools.gnu-tools-for-stm32.9-2020-q2-update.win32_2.0.0.202105311346/tools/bin/../lib/gcc/arm-none-eabi/9.3.1/../../../../arm-none-eabi/lib/thumb/v7e-m+fp/hard\libnosys.a
END GROUP
START GROUP
LOAD c:/st/stm32cubeide_1.7.0/stm32cubeide/plugins/com.st.stm32cube.ide.mcu.externaltools.gnu-tools-for-stm32.9-2020-q2-update.win32_2.0.0.202105311346/tools/bin/../lib/gcc/arm-none-eabi/9.3.1/thumb/v7e-m+fp/hard\libgcc.a
LOAD c:/st/stm32cubeide_1.7.0/stm32cubeide/plugins/com.st.stm32cube.ide.mcu.externaltools.gnu-tools-for-stm32.9-2020-q2-update.win32_2.0.0.202105311346/tools/bin/../lib/gcc/arm-none-eabi/9.3.1/../../../../arm-none-eabi/lib/thumb/v7e-m+fp/hard\libc_nano.a
LOAD c:/st/stm32cubeide_1.7.0/stm32cubeide/plugins/com.st.stm32cube.ide.mcu.externaltools.gnu-tools-for-stm32.9-2020-q2-update.win32_2.0.0.202105311346/tools/bin/../lib/gcc/arm-none-eabi/9.3.1/../../../../arm-none-eabi/lib/thumb/v7e-m+fp/hard\libnosys.a
END GROUP
LOAD c:/st/stm32cubeide_1.7.0/stm32cubeide/plugins/com.st.stm32cube.ide.mcu.externaltools.gnu-tools-for-stm32.9-2020-q2-update.win32_2.0.0.202105311346/tools/bin/../lib/gcc/arm-none-eabi/9.3.1/thumb/v7e-m+fp/hard/crtend.o
LOAD c:/st/stm32cubeide_1.7.0/stm32cubeide/plugins/com.st.stm32cube.ide.mcu.externaltools.gnu-tools-for-stm32.9-2020-q2-update.win32_2.0.0.202105311346/tools/bin/../lib/gcc/arm-none-eabi/9.3.1/thumb/v7e-m+fp/hard/crtn.o
                0x0000000020020000                _estack = (ORIGIN (RAM) + LENGTH (RAM))
                0x0000000000000200                _Min_Heap_Size = 0x200
                0x0000000000000400                _Min_Stack_Size = 0x400

.isr_vector     0x0000000008000000      0x198
                0x0000000008000000                . = ALIGN (0x4)
 *(.isr_vector)
 .isr_vector    0x0000000008000000      0x198 ./Core/Startup/startup_stm32f411ceux.o
                0x0000000008000000                g_pfnVectors
                0x0000000008000198                . = ALIGN (0x4)

.text           0x0000000008000198     0x3e58
                0x0000000008000198                . = ALIGN (0x4)
 *(.text)
 .text          0x0000000008000198       0x40 c:/st/stm32cubeide_1.7.0/stm32cubeide/plugins/com.st.stm32cube.ide.mcu.externaltools.gnu-tools-for-stm32.9-2020-q2-update.win32_2.0.0.202105311346/tools/bin/../lib/gcc/arm-none-eabi/9.3.1/thumb/v7e-m+fp/hard/crtbegin.o
 .text          0x00000000080001d8       0x30 c:/st/stm32cubeide_1.7.0/stm32cubeide/plugins/com.st.stm32cube.ide.mcu.externaltools.gnu-tools-for-stm32.9-2020-q2-update.win32_2.0.0.202105311346/tools/bin/../lib/gcc/arm-none-eabi/9.3.1/thumb/v7e-m+fp/hard\libgcc.a(_aeabi_uldivmod.o)
                0x00000000080001d8                __aeabi_uldivmod
 .text          0x0000000008000208      0x2c4 c:/st/stm32cubeide_1.7.0/stm32cubeide/plugins/com.st.stm32cube.ide.mcu.externaltools.gnu-tools-for-stm32.9-2020-q2-update.win32_2.0.0.202105311346/tools/bin/../lib/gcc/arm-none-eabi/9.3.1/thumb/v7e-m+fp/hard\libgcc.a(_udivmoddi4.o)
                0x0000000008000208                __udivmoddi4
 .text          0x00000000080004cc        0x4 c:/st/stm32cubeide_1.7.0/stm32cubeide/plugins/com.st.stm32cube.ide.mcu.externaltools.gnu-tools-for-stm32.9-2020-q2-update.win32_2.0.0.202105311346/tools/bin/../lib/gcc/arm-none-eabi/9.3.1/thumb/v7e-m+fp/hard\libgcc.a(_dvmd_tls.o)
                0x00000000080004cc                __aeabi_idiv0
                0x00000000080004cc                __aeabi_ldiv0
 *(.text*)
 .text.main     0x00000000080004d0      0x14c ./Core/Src/main.o
                0x00000000080004d0                main
 .text.SystemClock_Config
                0x000000000800061c       0xd4 ./Core/Src/main.o
                0x000000000800061c                SystemClock_Config
 .text.MX_I2C1_Init
                0x00000000080006f0       0x5c ./Core/Src/main.o
 .text.MX_USART1_UART_Init
                0x000000000800074c       0x54 ./Core/Src/main.o
 .text.MX_GPIO_Init
                0x00000000080007a0       0xc0 ./Core/Src/main.o
 .text.Error_Handler
                0x0000000008000860        0xa ./Core/Src/main.o
                0x0000000008000860                Error_Handler
 *fill*         0x000000000800086a        0x2 
 .text.HAL_MspInit
                0x000000000800086c       0x50 ./Core/Src/stm32f4xx_hal_msp.o
                0x000000000800086c                HAL_MspInit
 .text.HAL_I2C_MspInit
                0x00000000080008bc       0x90 ./Core/Src/stm32f4xx_hal_msp.o
                0x00000000080008bc                HAL_I2C_MspInit
 .text.HAL_UART_MspInit
                0x000000000800094c       0xa0 ./Core/Src/stm32f4xx_hal_msp.o
                0x000000000800094c                HAL_UART_MspInit
 .text.NMI_Handler
                0x00000000080009ec        0xa ./Core/Src/stm32f4xx_it.o
                0x00000000080009ec                NMI_Handler
 .text.HardFault_Handler
                0x00000000080009f6        0x6 ./Core/Src/stm32f4xx_it.o
                0x00000000080009f6                HardFault_Handler
 .text.MemManage_Handler
                0x00000000080009fc        0x6 ./Core/Src/stm32f4xx_it.o
                0x00000000080009fc                MemManage_Handler
 .text.BusFault_Handler
                0x0000000008000a02        0x6 ./Core/Src/stm32f4xx_it.o
                0x0000000008000a02                BusFault_Handler
 .text.UsageFault_Handler
                0x0000000008000a08        0x6 ./Core/Src/stm32f4xx_it.o
                0x0000000008000a08                UsageFault_Handler
 .text.SVC_Handler
                0x0000000008000a0e        0xe ./Core/Src/stm32f4xx_it.o
                0x0000000008000a0e                SVC_Handler
 .text.DebugMon_Handler
                0x0000000008000a1c        0xe ./Core/Src/stm32f4xx_it.o
                0x0000000008000a1c                DebugMon_Handler
 .text.PendSV_Handler
                0x0000000008000a2a        0xe ./Core/Src/stm32f4xx_it.o
                0x0000000008000a2a                PendSV_Handler
 .text.SysTick_Handler
                0x0000000008000a38       0x24 ./Core/Src/stm32f4xx_it.o
                0x0000000008000a38                SysTick_Handler
 .text.USART1_IRQHandler
                0x0000000008000a5c       0x14 ./Core/Src/stm32f4xx_it.o
                0x0000000008000a5c                USART1_IRQHandler
 .text.HAL_UARTEx_RxEventCallback
                0x0000000008000a70       0x3c ./Core/Src/stm32f4xx_it.o
                0x0000000008000a70                HAL_UARTEx_RxEventCallback
 .text.SystemInit
                0x0000000008000aac       0x24 ./Core/Src/system_stm32f4xx.o
                0x0000000008000aac                SystemInit
 .text.Reset_Handler
                0x0000000008000ad0       0x50 ./Core/Startup/startup_stm32f411ceux.o
                0x0000000008000ad0                Reset_Handler
 .text.Default_Handler
                0x0000000008000b20        0x2 ./Core/Startup/startup_stm32f411ceux.o
                0x0000000008000b20                RTC_Alarm_IRQHandler
                0x0000000008000b20                EXTI2_IRQHandler
                0x0000000008000b20                SPI4_IRQHandler
                0x0000000008000b20                TIM1_CC_IRQHandler
                0x0000000008000b20                DMA2_Stream5_IRQHandler
                0x0000000008000b20                DMA1_Stream5_IRQHandler
                0x0000000008000b20                PVD_IRQHandler
                0x0000000008000b20                SDIO_IRQHandler
                0x0000000008000b20                TAMP_STAMP_IRQHandler
                0x0000000008000b20                EXTI3_IRQHandler
                0x0000000008000b20                TIM1_UP_TIM10_IRQHandler
                0x0000000008000b20                I2C3_ER_IRQHandler
                0x0000000008000b20                EXTI0_IRQHandler
                0x0000000008000b20                I2C2_EV_IRQHandler
                0x0000000008000b20                DMA1_Stream2_IRQHandler
                0x0000000008000b20                FPU_IRQHandler
                0x0000000008000b20                DMA2_Stream2_IRQHandler
                0x0000000008000b20                SPI1_IRQHandler
                0x0000000008000b20                TIM1_BRK_TIM9_IRQHandler
                0x0000000008000b20                DMA2_Stream3_IRQHandler
                0x0000000008000b20                USART6_IRQHandler
                0x0000000008000b20                DMA2_Stream0_IRQHandler
                0x0000000008000b20                TIM4_IRQHandler
                0x0000000008000b20                I2C1_EV_IRQHandler
                0x0000000008000b20                DMA1_Stream6_IRQHandler
                0x0000000008000b20                DMA1_Stream1_IRQHandler
                0x0000000008000b20                TIM3_IRQHandler
                0x0000000008000b20                RCC_IRQHandler
                0x0000000008000b20                Default_Handler
                0x0000000008000b20                EXTI15_10_IRQHandler
                0x0000000008000b20                ADC_IRQHandler
                0x0000000008000b20                DMA1_Stream7_IRQHandler
                0x0000000008000b20                SPI5_IRQHandler
                0x0000000008000b20                TIM5_IRQHandler
                0x0000000008000b20                DMA2_Stream7_IRQHandler
                0x0000000008000b20                I2C3_EV_IRQHandler
                0x0000000008000b20                EXTI9_5_IRQHandler
                0x0000000008000b20                RTC_WKUP_IRQHandler
                0x0000000008000b20                SPI2_IRQHandler
                0x0000000008000b20                DMA1_Stream0_IRQHandler
                0x0000000008000b20                EXTI4_IRQHandler
                0x0000000008000b20                WWDG_IRQHandler
                0x0000000008000b20                TIM2_IRQHandler
                0x0000000008000b20                OTG_FS_WKUP_IRQHandler
                0x0000000008000b20                TIM1_TRG_COM_TIM11_IRQHandler
                0x0000000008000b20                EXTI1_IRQHandler
                0x0000000008000b20                USART2_IRQHandler
                0x0000000008000b20                I2C2_ER_IRQHandler
                0x0000000008000b20                DMA2_Stream1_IRQHandler
                0x0000000008000b20                FLASH_IRQHandler
                0x0000000008000b20                DMA2_Stream4_IRQHandler
                0x0000000008000b20                OTG_FS_IRQHandler
                0x0000000008000b20                SPI3_IRQHandler
                0x0000000008000b20                DMA1_Stream4_IRQHandler
                0x0000000008000b20                I2C1_ER_IRQHandler
                0x0000000008000b20                DMA2_Stream6_IRQHandler
                0x0000000008000b20                DMA1_Stream3_IRQHandler
 *fill*         0x0000000008000b22        0x2 
 .text.HAL_Init
                0x0000000008000b24       0x44 ./Drivers/STM32F4xx_HAL_Driver/Src/stm32f4xx_hal.o
                0x0000000008000b24                HAL_Init
 .text.HAL_InitTick
                0x0000000008000b68       0x60 ./Drivers/STM32F4xx_HAL_Driver/Src/stm32f4xx_hal.o
                0x0000000008000b68                HAL_InitTick
 .text.HAL_IncTick
                0x0000000008000bc8       0x28 ./Drivers/STM32F4xx_HAL_Driver/Src/stm32f4xx_hal.o
                0x0000000008000bc8                HAL_IncTick
 .text.HAL_GetTick
                0x0000000008000bf0       0x18 ./Drivers/STM32F4xx_HAL_Driver/Src/stm32f4xx_hal.o
                0x0000000008000bf0                HAL_GetTick
 .text.HAL_Delay
                0x0000000008000c08       0x48 ./Drivers/STM32F4xx_HAL_Driver/Src/stm32f4xx_hal.o
                0x0000000008000c08                HAL_Delay
 .text.__NVIC_SetPriorityGrouping
                0x0000000008000c50       0x48 ./Drivers/STM32F4xx_HAL_Driver/Src/stm32f4xx_hal_cortex.o
 .text.__NVIC_GetPriorityGrouping
                0x0000000008000c98       0x1c ./Drivers/STM32F4xx_HAL_Driver/Src/stm32f4xx_hal_cortex.o
 .text.__NVIC_EnableIRQ
                0x0000000008000cb4       0x3c ./Drivers/STM32F4xx_HAL_Driver/Src/stm32f4xx_hal_cortex.o
 .text.__NVIC_SetPriority
                0x0000000008000cf0       0x54 ./Drivers/STM32F4xx_HAL_Driver/Src/stm32f4xx_hal_cortex.o
 .text.NVIC_EncodePriority
                0x0000000008000d44       0x66 ./Drivers/STM32F4xx_HAL_Driver/Src/stm32f4xx_hal_cortex.o
 *fill*         0x0000000008000daa        0x2 
 .text.SysTick_Config
                0x0000000008000dac       0x44 ./Drivers/STM32F4xx_HAL_Driver/Src/stm32f4xx_hal_cortex.o
 .text.HAL_NVIC_SetPriorityGrouping
                0x0000000008000df0       0x16 ./Drivers/STM32F4xx_HAL_Driver/Src/stm32f4xx_hal_cortex.o
                0x0000000008000df0                HAL_NVIC_SetPriorityGrouping
 .text.HAL_NVIC_SetPriority
                0x0000000008000e06       0x38 ./Drivers/STM32F4xx_HAL_Driver/Src/stm32f4xx_hal_cortex.o
                0x0000000008000e06                HAL_NVIC_SetPriority
 .text.HAL_NVIC_EnableIRQ
                0x0000000008000e3e       0x1c ./Drivers/STM32F4xx_HAL_Driver/Src/stm32f4xx_hal_cortex.o
                0x0000000008000e3e                HAL_NVIC_EnableIRQ
 .text.HAL_SYSTICK_Config
                0x0000000008000e5a       0x18 ./Drivers/STM32F4xx_HAL_Driver/Src/stm32f4xx_hal_cortex.o
                0x0000000008000e5a                HAL_SYSTICK_Config
 .text.HAL_DMA_Abort
                0x0000000008000e72       0xe0 ./Drivers/STM32F4xx_HAL_Driver/Src/stm32f4xx_hal_dma.o
                0x0000000008000e72                HAL_DMA_Abort
 .text.HAL_DMA_Abort_IT
                0x0000000008000f52       0x44 ./Drivers/STM32F4xx_HAL_Driver/Src/stm32f4xx_hal_dma.o
                0x0000000008000f52                HAL_DMA_Abort_IT
 *fill*         0x0000000008000f96        0x2 
 .text.HAL_GPIO_Init
                0x0000000008000f98      0x308 ./Drivers/STM32F4xx_HAL_Driver/Src/stm32f4xx_hal_gpio.o
                0x0000000008000f98                HAL_GPIO_Init
 .text.HAL_GPIO_WritePin
                0x00000000080012a0       0x32 ./Drivers/STM32F4xx_HAL_Driver/Src/stm32f4xx_hal_gpio.o
                0x00000000080012a0                HAL_GPIO_WritePin
 *fill*         0x00000000080012d2        0x2 
 .text.HAL_I2C_Init
                0x00000000080012d4      0x288 ./Drivers/STM32F4xx_HAL_Driver/Src/stm32f4xx_hal_i2c.o
                0x00000000080012d4                HAL_I2C_Init
 .text.HAL_I2C_Master_Transmit
                0x000000000800155c      0x1fc ./Drivers/STM32F4xx_HAL_Driver/Src/stm32f4xx_hal_i2c.o
                0x000000000800155c                HAL_I2C_Master_Transmit
 .text.HAL_I2C_Master_Receive
                0x0000000008001758      0x44c ./Drivers/STM32F4xx_HAL_Driver/Src/stm32f4xx_hal_i2c.o
                0x0000000008001758                HAL_I2C_Master_Receive
 .text.I2C_MasterRequestWrite
                0x0000000008001ba4      0x104 ./Drivers/STM32F4xx_HAL_Driver/Src/stm32f4xx_hal_i2c.o
 .text.I2C_MasterRequestRead
                0x0000000008001ca8      0x19c ./Drivers/STM32F4xx_HAL_Driver/Src/stm32f4xx_hal_i2c.o
 .text.I2C_WaitOnFlagUntilTimeout
                0x0000000008001e44       0xae ./Drivers/STM32F4xx_HAL_Driver/Src/stm32f4xx_hal_i2c.o
 .text.I2C_WaitOnMasterAddressFlagUntilTimeout
                0x0000000008001ef2       0xfe ./Drivers/STM32F4xx_HAL_Driver/Src/stm32f4xx_hal_i2c.o
 .text.I2C_WaitOnTXEFlagUntilTimeout
                0x0000000008001ff0       0x82 ./Drivers/STM32F4xx_HAL_Driver/Src/stm32f4xx_hal_i2c.o
 .text.I2C_WaitOnBTFFlagUntilTimeout
                0x0000000008002072       0x82 ./Drivers/STM32F4xx_HAL_Driver/Src/stm32f4xx_hal_i2c.o
 .text.I2C_WaitOnRXNEFlagUntilTimeout
                0x00000000080020f4       0xac ./Drivers/STM32F4xx_HAL_Driver/Src/stm32f4xx_hal_i2c.o
 .text.I2C_IsAcknowledgeFailed
                0x00000000080021a0       0x5e ./Drivers/STM32F4xx_HAL_Driver/Src/stm32f4xx_hal_i2c.o
 *fill*         0x00000000080021fe        0x2 
 .text.HAL_RCC_OscConfig
                0x0000000008002200      0x4f0 ./Drivers/STM32F4xx_HAL_Driver/Src/stm32f4xx_hal_rcc.o
                0x0000000008002200                HAL_RCC_OscConfig
 .text.HAL_RCC_ClockConfig
                0x00000000080026f0      0x1cc ./Drivers/STM32F4xx_HAL_Driver/Src/stm32f4xx_hal_rcc.o
                0x00000000080026f0                HAL_RCC_ClockConfig
 .text.HAL_RCC_EnableCSS
                0x00000000080028bc       0x18 ./Drivers/STM32F4xx_HAL_Driver/Src/stm32f4xx_hal_rcc.o
                0x00000000080028bc                HAL_RCC_EnableCSS
 .text.HAL_RCC_GetSysClockFreq
                0x00000000080028d4      0x16c ./Drivers/STM32F4xx_HAL_Driver/Src/stm32f4xx_hal_rcc.o
                0x00000000080028d4                HAL_RCC_GetSysClockFreq
 .text.HAL_RCC_GetHCLKFreq
                0x0000000008002a40       0x18 ./Drivers/STM32F4xx_HAL_Driver/Src/stm32f4xx_hal_rcc.o
                0x0000000008002a40                HAL_RCC_GetHCLKFreq
 .text.HAL_RCC_GetPCLK1Freq
                0x0000000008002a58       0x28 ./Drivers/STM32F4xx_HAL_Driver/Src/stm32f4xx_hal_rcc.o
                0x0000000008002a58                HAL_RCC_GetPCLK1Freq
 .text.HAL_RCC_GetPCLK2Freq
                0x0000000008002a80       0x28 ./Drivers/STM32F4xx_HAL_Driver/Src/stm32f4xx_hal_rcc.o
                0x0000000008002a80                HAL_RCC_GetPCLK2Freq
 .text.HAL_RCC_NMI_IRQHandler
                0x0000000008002aa8       0x28 ./Drivers/STM32F4xx_HAL_Driver/Src/stm32f4xx_hal_rcc.o
                0x0000000008002aa8                HAL_RCC_NMI_IRQHandler
 .text.HAL_RCC_CSSCallback
                0x0000000008002ad0        0xe ./Drivers/STM32F4xx_HAL_Driver/Src/stm32f4xx_hal_rcc.o
                0x0000000008002ad0                HAL_RCC_CSSCallback
 .text.HAL_UART_Init
                0x0000000008002ade       0x9a ./Drivers/STM32F4xx_HAL_Driver/Src/stm32f4xx_hal_uart.o
                0x0000000008002ade                HAL_UART_Init
 .text.HAL_UART_Transmit
                0x0000000008002b78      0x124 ./Drivers/STM32F4xx_HAL_Driver/Src/stm32f4xx_hal_uart.o
                0x0000000008002b78                HAL_UART_Transmit
 .text.HAL_UARTEx_ReceiveToIdle_IT
                0x0000000008002c9c       0xca ./Drivers/STM32F4xx_HAL_Driver/Src/stm32f4xx_hal_uart.o
                0x0000000008002c9c                HAL_UARTEx_ReceiveToIdle_IT
 *fill*         0x0000000008002d66        0x2 
 .text.HAL_UART_IRQHandler
                0x0000000008002d68      0x51c ./Drivers/STM32F4xx_HAL_Driver/Src/stm32f4xx_hal_uart.o
                0x0000000008002d68                HAL_UART_IRQHandler
 .text.HAL_UART_TxCpltCallback
                0x0000000008003284       0x14 ./Drivers/STM32F4xx_HAL_Driver/Src/stm32f4xx_hal_uart.o
                0x0000000008003284                HAL_UART_TxCpltCallback
 .text.HAL_UART_RxCpltCallback
                0x0000000008003298       0x14 ./Drivers/STM32F4xx_HAL_Driver/Src/stm32f4xx_hal_uart.o
                0x0000000008003298                HAL_UART_RxCpltCallback
 .text.HAL_UART_ErrorCallback
                0x00000000080032ac       0x14 ./Drivers/STM32F4xx_HAL_Driver/Src/stm32f4xx_hal_uart.o
                0x00000000080032ac                HAL_UART_ErrorCallback
 .text.UART_WaitOnFlagUntilTimeout
                0x00000000080032c0       0xdc ./Drivers/STM32F4xx_HAL_Driver/Src/stm32f4xx_hal_uart.o
 .text.UART_Start_Receive_IT
                0x000000000800339c       0x74 ./Drivers/STM32F4xx_HAL_Driver/Src/stm32f4xx_hal_uart.o
                0x000000000800339c                UART_Start_Receive_IT
 .text.UART_EndRxTransfer
                0x0000000008003410       0xc6 ./Drivers/STM32F4xx_HAL_Driver/Src/stm32f4xx_hal_uart.o
 .text.UART_DMAAbortOnError
                0x00000000080034d6       0x28 ./Drivers/STM32F4xx_HAL_Driver/Src/stm32f4xx_hal_uart.o
 .text.UART_Transmit_IT
                0x00000000080034fe       0xa0 ./Drivers/STM32F4xx_HAL_Driver/Src/stm32f4xx_hal_uart.o
 .text.UART_EndTransmit_IT
                0x000000000800359e       0x30 ./Drivers/STM32F4xx_HAL_Driver/Src/stm32f4xx_hal_uart.o
 .text.UART_Receive_IT
                0x00000000080035ce      0x176 ./Drivers/STM32F4xx_HAL_Driver/Src/stm32f4xx_hal_uart.o
 .text.UART_SetConfig
                0x0000000008003744      0x390 ./Drivers/STM32F4xx_HAL_Driver/Src/stm32f4xx_hal_uart.o
 .text.HDC1080_init
                0x0000000008003ad4       0x78 ./HDC1080/HDC1080.o
                0x0000000008003ad4                HDC1080_init
 .text.HDC1080_Send_request
                0x0000000008003b4c       0x30 ./HDC1080/HDC1080.o
                0x0000000008003b4c                HDC1080_Send_request
 .text.HDC1080_Get_data
                0x0000000008003b7c       0x94 ./HDC1080/HDC1080.o
                0x0000000008003b7c                HDC1080_Get_data
 .text.HDC1080_Run
                0x0000000008003c10       0x44 ./HDC1080/HDC1080.o
                0x0000000008003c10                HDC1080_Run
 .text.ModbusRTU_CRC16_Calculate
                0x0000000008003c54      0x11c ./ModbusRTU_slave/ModbusRTU_slave.o
                0x0000000008003c54                ModbusRTU_CRC16_Calculate
 .text.ModbusRTU_slave_Run
                0x0000000008003d70       0x80 ./ModbusRTU_slave/ModbusRTU_slave.o
                0x0000000008003d70                ModbusRTU_slave_Run
 .text.ModbusRTU_fast_Embedded_send_data
                0x0000000008003df0       0x40 ./ModbusRTU_slave/ModbusRTU_slave.o
                0x0000000008003df0                ModbusRTU_fast_Embedded_send_data
 .text.ModbusRTU_0x03_data_processing
                0x0000000008003e30      0x150 ./ModbusRTU_slave/ModbusRTU_slave.o
                0x0000000008003e30                ModbusRTU_0x03_data_processing
 .text.__libc_init_array
                0x0000000008003f80       0x48 c:/st/stm32cubeide_1.7.0/stm32cubeide/plugins/com.st.stm32cube.ide.mcu.externaltools.gnu-tools-for-stm32.9-2020-q2-update.win32_2.0.0.202105311346/tools/bin/../lib/gcc/arm-none-eabi/9.3.1/../../../../arm-none-eabi/lib/thumb/v7e-m+fp/hard\libc_nano.a(lib_a-init.o)
                0x0000000008003f80                __libc_init_array
 .text.memset   0x0000000008003fc8       0x10 c:/st/stm32cubeide_1.7.0/stm32cubeide/plugins/com.st.stm32cube.ide.mcu.externaltools.gnu-tools-for-stm32.9-2020-q2-update.win32_2.0.0.202105311346/tools/bin/../lib/gcc/arm-none-eabi/9.3.1/../../../../arm-none-eabi/lib/thumb/v7e-m+fp/hard\libc_nano.a(lib_a-memset.o)
                0x0000000008003fc8                memset
 *(.glue_7)
 .glue_7        0x0000000008003fd8        0x0 linker stubs
 *(.glue_7t)
 .glue_7t       0x0000000008003fd8        0x0 linker stubs
 *(.eh_frame)
 .eh_frame      0x0000000008003fd8        0x0 c:/st/stm32cubeide_1.7.0/stm32cubeide/plugins/com.st.stm32cube.ide.mcu.externaltools.gnu-tools-for-stm32.9-2020-q2-update.win32_2.0.0.202105311346/tools/bin/../lib/gcc/arm-none-eabi/9.3.1/thumb/v7e-m+fp/hard/crtbegin.o
 *(.init)
 .init          0x0000000008003fd8        0x4 c:/st/stm32cubeide_1.7.0/stm32cubeide/plugins/com.st.stm32cube.ide.mcu.externaltools.gnu-tools-for-stm32.9-2020-q2-update.win32_2.0.0.202105311346/tools/bin/../lib/gcc/arm-none-eabi/9.3.1/thumb/v7e-m+fp/hard/crti.o
                0x0000000008003fd8                _init
 .init          0x0000000008003fdc        0x8 c:/st/stm32cubeide_1.7.0/stm32cubeide/plugins/com.st.stm32cube.ide.mcu.externaltools.gnu-tools-for-stm32.9-2020-q2-update.win32_2.0.0.202105311346/tools/bin/../lib/gcc/arm-none-eabi/9.3.1/thumb/v7e-m+fp/hard/crtn.o
 *(.fini)
 .fini          0x0000000008003fe4        0x4 c:/st/stm32cubeide_1.7.0/stm32cubeide/plugins/com.st.stm32cube.ide.mcu.externaltools.gnu-tools-for-stm32.9-2020-q2-update.win32_2.0.0.202105311346/tools/bin/../lib/gcc/arm-none-eabi/9.3.1/thumb/v7e-m+fp/hard/crti.o
                0x0000000008003fe4                _fini
 .fini          0x0000000008003fe8        0x8 c:/st/stm32cubeide_1.7.0/stm32cubeide/plugins/com.st.stm32cube.ide.mcu.externaltools.gnu-tools-for-stm32.9-2020-q2-update.win32_2.0.0.202105311346/tools/bin/../lib/gcc/arm-none-eabi/9.3.1/thumb/v7e-m+fp/hard/crtn.o
                0x0000000008003ff0                . = ALIGN (0x4)
                0x0000000008003ff0                _etext = .

.vfp11_veneer   0x0000000008003ff0        0x0
 .vfp11_veneer  0x0000000008003ff0        0x0 linker stubs

.v4_bx          0x0000000008003ff0        0x0
 .v4_bx         0x0000000008003ff0        0x0 linker stubs

.iplt           0x0000000008003ff0        0x0
 .iplt          0x0000000008003ff0        0x0 c:/st/stm32cubeide_1.7.0/stm32cubeide/plugins/com.st.stm32cube.ide.mcu.externaltools.gnu-tools-for-stm32.9-2020-q2-update.win32_2.0.0.202105311346/tools/bin/../lib/gcc/arm-none-eabi/9.3.1/thumb/v7e-m+fp/hard/crtbegin.o

.rodata         0x0000000008003ff0       0x18
                0x0000000008003ff0                . = ALIGN (0x4)
 *(.rodata)
 *(.rodata*)
 .rodata.AHBPrescTable
                0x0000000008003ff0       0x10 ./Core/Src/system_stm32f4xx.o
                0x0000000008003ff0                AHBPrescTable
 .rodata.APBPrescTable
                0x0000000008004000        0x8 ./Core/Src/system_stm32f4xx.o
                0x0000000008004000                APBPrescTable
                0x0000000008004008                . = ALIGN (0x4)

.ARM.extab      0x0000000008004008        0x0
                0x0000000008004008                . = ALIGN (0x4)
 *(.ARM.extab* .gnu.linkonce.armextab.*)
                0x0000000008004008                . = ALIGN (0x4)

.ARM            0x0000000008004008        0x8
                0x0000000008004008                . = ALIGN (0x4)
                0x0000000008004008                __exidx_start = .
 *(.ARM.exidx*)
 .ARM.exidx     0x0000000008004008        0x8 c:/st/stm32cubeide_1.7.0/stm32cubeide/plugins/com.st.stm32cube.ide.mcu.externaltools.gnu-tools-for-stm32.9-2020-q2-update.win32_2.0.0.202105311346/tools/bin/../lib/gcc/arm-none-eabi/9.3.1/thumb/v7e-m+fp/hard\libgcc.a(_udivmoddi4.o)
                0x0000000008004010                __exidx_end = .
                0x0000000008004010                . = ALIGN (0x4)

.rel.dyn        0x0000000008004010        0x0
 .rel.iplt      0x0000000008004010        0x0 c:/st/stm32cubeide_1.7.0/stm32cubeide/plugins/com.st.stm32cube.ide.mcu.externaltools.gnu-tools-for-stm32.9-2020-q2-update.win32_2.0.0.202105311346/tools/bin/../lib/gcc/arm-none-eabi/9.3.1/thumb/v7e-m+fp/hard/crtbegin.o

.preinit_array  0x0000000008004010        0x0
                0x0000000008004010                . = ALIGN (0x4)
                0x0000000008004010                PROVIDE (__preinit_array_start = .)
 *(.preinit_array*)
                0x0000000008004010                PROVIDE (__preinit_array_end = .)
                0x0000000008004010                . = ALIGN (0x4)

.init_array     0x0000000008004010        0x4
                0x0000000008004010                . = ALIGN (0x4)
                0x0000000008004010                PROVIDE (__init_array_start = .)
 *(SORT_BY_NAME(.init_array.*))
 *(.init_array*)
 .init_array    0x0000000008004010        0x4 c:/st/stm32cubeide_1.7.0/stm32cubeide/plugins/com.st.stm32cube.ide.mcu.externaltools.gnu-tools-for-stm32.9-2020-q2-update.win32_2.0.0.202105311346/tools/bin/../lib/gcc/arm-none-eabi/9.3.1/thumb/v7e-m+fp/hard/crtbegin.o
                0x0000000008004014                PROVIDE (__init_array_end = .)
                0x0000000008004014                . = ALIGN (0x4)

.fini_array     0x0000000008004014        0x4
                0x0000000008004014                . = ALIGN (0x4)
                [!provide]                        PROVIDE (__fini_array_start = .)
 *(SORT_BY_NAME(.fini_array.*))
 *(.fini_array*)
 .fini_array    0x0000000008004014        0x4 c:/st/stm32cubeide_1.7.0/stm32cubeide/plugins/com.st.stm32cube.ide.mcu.externaltools.gnu-tools-for-stm32.9-2020-q2-update.win32_2.0.0.202105311346/tools/bin/../lib/gcc/arm-none-eabi/9.3.1/thumb/v7e-m+fp/hard/crtbegin.o
                [!provide]                        PROVIDE (__fini_array_end = .)
                0x0000000008004018                . = ALIGN (0x4)
                0x0000000008004018                _sidata = LOADADDR (.data)

.data           0x0000000020000000        0xc load address 0x0000000008004018
                0x0000000020000000                . = ALIGN (0x4)
                0x0000000020000000                _sdata = .
 *(.data)
 *(.data*)
 .data.SystemCoreClock
                0x0000000020000000        0x4 ./Core/Src/system_stm32f4xx.o
                0x0000000020000000                SystemCoreClock
 .data.uwTickPrio
                0x0000000020000004        0x4 ./Drivers/STM32F4xx_HAL_Driver/Src/stm32f4xx_hal.o
                0x0000000020000004                uwTickPrio
 .data.uwTickFreq
                0x0000000020000008        0x1 ./Drivers/STM32F4xx_HAL_Driver/Src/stm32f4xx_hal.o
                0x0000000020000008                uwTickFreq
 .data.MODBUS_RTU_SLAVE_ADDR
                0x0000000020000009        0x1 ./ModbusRTU_slave/ModbusRTU_slave.o
                0x0000000020000009                MODBUS_RTU_SLAVE_ADDR
 *(.RamFunc)
 *(.RamFunc*)
                0x000000002000000c                . = ALIGN (0x4)
 *fill*         0x000000002000000a        0x2 
                0x000000002000000c                _edata = .

.igot.plt       0x000000002000000c        0x0 load address 0x0000000008004024
 .igot.plt      0x000000002000000c        0x0 c:/st/stm32cubeide_1.7.0/stm32cubeide/plugins/com.st.stm32cube.ide.mcu.externaltools.gnu-tools-for-stm32.9-2020-q2-update.win32_2.0.0.202105311346/tools/bin/../lib/gcc/arm-none-eabi/9.3.1/thumb/v7e-m+fp/hard/crtbegin.o
                0x000000002000000c                . = ALIGN (0x4)

.bss            0x000000002000000c      0x304 load address 0x0000000008004024
                0x000000002000000c                _sbss = .
                0x000000002000000c                __bss_start__ = _sbss
 *(.bss)
 .bss           0x000000002000000c       0x1c c:/st/stm32cubeide_1.7.0/stm32cubeide/plugins/com.st.stm32cube.ide.mcu.externaltools.gnu-tools-for-stm32.9-2020-q2-update.win32_2.0.0.202105311346/tools/bin/../lib/gcc/arm-none-eabi/9.3.1/thumb/v7e-m+fp/hard/crtbegin.o
 *(.bss*)
 .bss.ModbusRTU_tx_buffer
                0x0000000020000028      0x100 ./Core/Src/main.o
                0x0000000020000028                ModbusRTU_tx_buffer
 .bss.ModbusRTU_rx_buffer
                0x0000000020000128      0x100 ./Core/Src/main.o
                0x0000000020000128                ModbusRTU_rx_buffer
 .bss.ModbusRTU_rx_len
                0x0000000020000228        0x2 ./Core/Src/main.o
                0x0000000020000228                ModbusRTU_rx_len
 .bss.Timer_update_data_HDC1080
                0x000000002000022a        0x2 ./Core/Src/main.o
                0x000000002000022a                Timer_update_data_HDC1080
 .bss.Alarm_relay
                0x000000002000022c        0x1 ./Core/Src/main.o
                0x000000002000022c                Alarm_relay
 *fill*         0x000000002000022d        0x1 
 .bss.Alarm_counter
                0x000000002000022e        0x2 ./Core/Src/main.o
                0x000000002000022e                Alarm_counter
 .bss.Alarm_flag_for_counter
                0x0000000020000230        0x1 ./Core/Src/main.o
                0x0000000020000230                Alarm_flag_for_counter
 *fill*         0x0000000020000231        0x3 
 .bss.ModbusRTU_Slave_MEM
                0x0000000020000234       0x20 ./ModbusRTU_slave/ModbusRTU_slave.o
                0x0000000020000234                ModbusRTU_Slave_MEM
 .bss.Start_Adress
                0x0000000020000254        0x2 ./ModbusRTU_slave/ModbusRTU_slave.o
                0x0000000020000254                Start_Adress
 .bss.Amount_of_data
                0x0000000020000256        0x2 ./ModbusRTU_slave/ModbusRTU_slave.o
                0x0000000020000256                Amount_of_data
 .bss.Counter_byte
                0x0000000020000258        0x2 ./ModbusRTU_slave/ModbusRTU_slave.o
                0x0000000020000258                Counter_byte
 .bss.CRC_Check
                0x000000002000025a        0x2 ./ModbusRTU_slave/ModbusRTU_slave.o
                0x000000002000025a                CRC_Check
 .bss.ModbusRTU_Data_recieved
                0x000000002000025c        0x1 ./ModbusRTU_slave/ModbusRTU_slave.o
                0x000000002000025c                ModbusRTU_Data_recieved
 *(COMMON)
 *fill*         0x000000002000025d        0x3 
 COMMON         0x0000000020000260       0x98 ./Core/Src/main.o
                0x0000000020000260                hi2c1
                0x00000000200002b4                huart1
 COMMON         0x00000000200002f8        0x4 ./Drivers/STM32F4xx_HAL_Driver/Src/stm32f4xx_hal.o
                0x00000000200002f8                uwTick
 COMMON         0x00000000200002fc       0x14 ./HDC1080/HDC1080.o
                0x00000000200002fc                HDC1080
                0x0000000020000310                . = ALIGN (0x4)
                0x0000000020000310                _ebss = .
                0x0000000020000310                __bss_end__ = _ebss

._user_heap_stack
                0x0000000020000310      0x600 load address 0x0000000008004024
                0x0000000020000310                . = ALIGN (0x8)
                [!provide]                        PROVIDE (end = .)
                0x0000000020000310                PROVIDE (_end = .)
                0x0000000020000510                . = (. + _Min_Heap_Size)
 *fill*         0x0000000020000310      0x200 
                0x0000000020000910                . = (. + _Min_Stack_Size)
 *fill*         0x0000000020000510      0x400 
                0x0000000020000910                . = ALIGN (0x8)

/DISCARD/
 libc.a(*)
 libm.a(*)
 libgcc.a(*)

.ARM.attributes
                0x0000000000000000       0x30
 *(.ARM.attributes)
 .ARM.attributes
                0x0000000000000000       0x1e c:/st/stm32cubeide_1.7.0/stm32cubeide/plugins/com.st.stm32cube.ide.mcu.externaltools.gnu-tools-for-stm32.9-2020-q2-update.win32_2.0.0.202105311346/tools/bin/../lib/gcc/arm-none-eabi/9.3.1/thumb/v7e-m+fp/hard/crti.o
 .ARM.attributes
                0x000000000000001e       0x34 c:/st/stm32cubeide_1.7.0/stm32cubeide/plugins/com.st.stm32cube.ide.mcu.externaltools.gnu-tools-for-stm32.9-2020-q2-update.win32_2.0.0.202105311346/tools/bin/../lib/gcc/arm-none-eabi/9.3.1/thumb/v7e-m+fp/hard/crtbegin.o
 .ARM.attributes
                0x0000000000000052       0x34 ./Core/Src/main.o
 .ARM.attributes
                0x0000000000000086       0x34 ./Core/Src/stm32f4xx_hal_msp.o
 .ARM.attributes
                0x00000000000000ba       0x34 ./Core/Src/stm32f4xx_it.o
 .ARM.attributes
                0x00000000000000ee       0x34 ./Core/Src/system_stm32f4xx.o
 .ARM.attributes
                0x0000000000000122       0x21 ./Core/Startup/startup_stm32f411ceux.o
 .ARM.attributes
                0x0000000000000143       0x34 ./Drivers/STM32F4xx_HAL_Driver/Src/stm32f4xx_hal.o
 .ARM.attributes
                0x0000000000000177       0x34 ./Drivers/STM32F4xx_HAL_Driver/Src/stm32f4xx_hal_cortex.o
 .ARM.attributes
                0x00000000000001ab       0x34 ./Drivers/STM32F4xx_HAL_Driver/Src/stm32f4xx_hal_dma.o
 .ARM.attributes
                0x00000000000001df       0x34 ./Drivers/STM32F4xx_HAL_Driver/Src/stm32f4xx_hal_gpio.o
 .ARM.attributes
                0x0000000000000213       0x34 ./Drivers/STM32F4xx_HAL_Driver/Src/stm32f4xx_hal_i2c.o
 .ARM.attributes
                0x0000000000000247       0x34 ./Drivers/STM32F4xx_HAL_Driver/Src/stm32f4xx_hal_rcc.o
 .ARM.attributes
                0x000000000000027b       0x34 ./Drivers/STM32F4xx_HAL_Driver/Src/stm32f4xx_hal_uart.o
 .ARM.attributes
                0x00000000000002af       0x34 ./HDC1080/HDC1080.o
 .ARM.attributes
                0x00000000000002e3       0x34 ./ModbusRTU_slave/ModbusRTU_slave.o
 .ARM.attributes
                0x0000000000000317       0x34 c:/st/stm32cubeide_1.7.0/stm32cubeide/plugins/com.st.stm32cube.ide.mcu.externaltools.gnu-tools-for-stm32.9-2020-q2-update.win32_2.0.0.202105311346/tools/bin/../lib/gcc/arm-none-eabi/9.3.1/../../../../arm-none-eabi/lib/thumb/v7e-m+fp/hard\libc_nano.a(lib_a-init.o)
 .ARM.attributes
                0x000000000000034b       0x34 c:/st/stm32cubeide_1.7.0/stm32cubeide/plugins/com.st.stm32cube.ide.mcu.externaltools.gnu-tools-for-stm32.9-2020-q2-update.win32_2.0.0.202105311346/tools/bin/../lib/gcc/arm-none-eabi/9.3.1/../../../../arm-none-eabi/lib/thumb/v7e-m+fp/hard\libc_nano.a(lib_a-memset.o)
 .ARM.attributes
                0x000000000000037f       0x1e c:/st/stm32cubeide_1.7.0/stm32cubeide/plugins/com.st.stm32cube.ide.mcu.externaltools.gnu-tools-for-stm32.9-2020-q2-update.win32_2.0.0.202105311346/tools/bin/../lib/gcc/arm-none-eabi/9.3.1/thumb/v7e-m+fp/hard\libgcc.a(_aeabi_uldivmod.o)
 .ARM.attributes
                0x000000000000039d       0x34 c:/st/stm32cubeide_1.7.0/stm32cubeide/plugins/com.st.stm32cube.ide.mcu.externaltools.gnu-tools-for-stm32.9-2020-q2-update.win32_2.0.0.202105311346/tools/bin/../lib/gcc/arm-none-eabi/9.3.1/thumb/v7e-m+fp/hard\libgcc.a(_udivmoddi4.o)
 .ARM.attributes
                0x00000000000003d1       0x1e c:/st/stm32cubeide_1.7.0/stm32cubeide/plugins/com.st.stm32cube.ide.mcu.externaltools.gnu-tools-for-stm32.9-2020-q2-update.win32_2.0.0.202105311346/tools/bin/../lib/gcc/arm-none-eabi/9.3.1/thumb/v7e-m+fp/hard\libgcc.a(_dvmd_tls.o)
 .ARM.attributes
                0x00000000000003ef       0x1e c:/st/stm32cubeide_1.7.0/stm32cubeide/plugins/com.st.stm32cube.ide.mcu.externaltools.gnu-tools-for-stm32.9-2020-q2-update.win32_2.0.0.202105311346/tools/bin/../lib/gcc/arm-none-eabi/9.3.1/thumb/v7e-m+fp/hard/crtn.o
OUTPUT(STM32F411CEU6_HAL_HDC1080.elf elf32-littlearm)
LOAD linker stubs
LOAD c:/st/stm32cubeide_1.7.0/stm32cubeide/plugins/com.st.stm32cube.ide.mcu.externaltools.gnu-tools-for-stm32.9-2020-q2-update.win32_2.0.0.202105311346/tools/bin/../lib/gcc/arm-none-eabi/9.3.1/../../../../arm-none-eabi/lib/thumb/v7e-m+fp/hard\libc.a
LOAD c:/st/stm32cubeide_1.7.0/stm32cubeide/plugins/com.st.stm32cube.ide.mcu.externaltools.gnu-tools-for-stm32.9-2020-q2-update.win32_2.0.0.202105311346/tools/bin/../lib/gcc/arm-none-eabi/9.3.1/../../../../arm-none-eabi/lib/thumb/v7e-m+fp/hard\libm.a
LOAD c:/st/stm32cubeide_1.7.0/stm32cubeide/plugins/com.st.stm32cube.ide.mcu.externaltools.gnu-tools-for-stm32.9-2020-q2-update.win32_2.0.0.202105311346/tools/bin/../lib/gcc/arm-none-eabi/9.3.1/thumb/v7e-m+fp/hard\libgcc.a

.debug_info     0x0000000000000000     0xcc32
 .debug_info    0x0000000000000000     0x1114 ./Core/Src/main.o
 .debug_info    0x0000000000001114      0xefe ./Core/Src/stm32f4xx_hal_msp.o
 .debug_info    0x0000000000002012      0x787 ./Core/Src/stm32f4xx_it.o
 .debug_info    0x0000000000002799      0x5d0 ./Core/Src/system_stm32f4xx.o
 .debug_info    0x0000000000002d69       0x22 ./Core/Startup/startup_stm32f411ceux.o
 .debug_info    0x0000000000002d8b      0x944 ./Drivers/STM32F4xx_HAL_Driver/Src/stm32f4xx_hal.o
 .debug_info    0x00000000000036cf      0xe47 ./Drivers/STM32F4xx_HAL_Driver/Src/stm32f4xx_hal_cortex.o
 .debug_info    0x0000000000004516      0x9e9 ./Drivers/STM32F4xx_HAL_Driver/Src/stm32f4xx_hal_dma.o
 .debug_info    0x0000000000004eff      0x862 ./Drivers/STM32F4xx_HAL_Driver/Src/stm32f4xx_hal_gpio.o
 .debug_info    0x0000000000005761     0x2653 ./Drivers/STM32F4xx_HAL_Driver/Src/stm32f4xx_hal_i2c.o
 .debug_info    0x0000000000007db4      0x9be ./Drivers/STM32F4xx_HAL_Driver/Src/stm32f4xx_hal_rcc.o
 .debug_info    0x0000000000008772     0x31d6 ./Drivers/STM32F4xx_HAL_Driver/Src/stm32f4xx_hal_uart.o
 .debug_info    0x000000000000b948      0x7c4 ./HDC1080/HDC1080.o
 .debug_info    0x000000000000c10c      0xb26 ./ModbusRTU_slave/ModbusRTU_slave.o

.debug_abbrev   0x0000000000000000     0x1c44
 .debug_abbrev  0x0000000000000000      0x261 ./Core/Src/main.o
 .debug_abbrev  0x0000000000000261      0x1b5 ./Core/Src/stm32f4xx_hal_msp.o
 .debug_abbrev  0x0000000000000416      0x1a1 ./Core/Src/stm32f4xx_it.o
 .debug_abbrev  0x00000000000005b7      0x145 ./Core/Src/system_stm32f4xx.o
 .debug_abbrev  0x00000000000006fc       0x12 ./Core/Startup/startup_stm32f411ceux.o
 .debug_abbrev  0x000000000000070e      0x21e ./Drivers/STM32F4xx_HAL_Driver/Src/stm32f4xx_hal.o
 .debug_abbrev  0x000000000000092c      0x33c ./Drivers/STM32F4xx_HAL_Driver/Src/stm32f4xx_hal_cortex.o
 .debug_abbrev  0x0000000000000c68      0x219 ./Drivers/STM32F4xx_HAL_Driver/Src/stm32f4xx_hal_dma.o
 .debug_abbrev  0x0000000000000e81      0x1f1 ./Drivers/STM32F4xx_HAL_Driver/Src/stm32f4xx_hal_gpio.o
 .debug_abbrev  0x0000000000001072      0x293 ./Drivers/STM32F4xx_HAL_Driver/Src/stm32f4xx_hal_i2c.o
 .debug_abbrev  0x0000000000001305      0x275 ./Drivers/STM32F4xx_HAL_Driver/Src/stm32f4xx_hal_rcc.o
 .debug_abbrev  0x000000000000157a      0x2fc ./Drivers/STM32F4xx_HAL_Driver/Src/stm32f4xx_hal_uart.o
 .debug_abbrev  0x0000000000001876      0x16d ./HDC1080/HDC1080.o
 .debug_abbrev  0x00000000000019e3      0x261 ./ModbusRTU_slave/ModbusRTU_slave.o

.debug_aranges  0x0000000000000000      0xa10
 .debug_aranges
                0x0000000000000000       0x48 ./Core/Src/main.o
 .debug_aranges
                0x0000000000000048       0x40 ./Core/Src/stm32f4xx_hal_msp.o
 .debug_aranges
                0x0000000000000088       0x70 ./Core/Src/stm32f4xx_it.o
 .debug_aranges
                0x00000000000000f8       0x28 ./Core/Src/system_stm32f4xx.o
 .debug_aranges
                0x0000000000000120       0x28 ./Core/Startup/startup_stm32f411ceux.o
 .debug_aranges
                0x0000000000000148       0xf0 ./Drivers/STM32F4xx_HAL_Driver/Src/stm32f4xx_hal.o
 .debug_aranges
                0x0000000000000238      0x118 ./Drivers/STM32F4xx_HAL_Driver/Src/stm32f4xx_hal_cortex.o
 .debug_aranges
                0x0000000000000350       0x90 ./Drivers/STM32F4xx_HAL_Driver/Src/stm32f4xx_hal_dma.o
 .debug_aranges
                0x00000000000003e0       0x58 ./Drivers/STM32F4xx_HAL_Driver/Src/stm32f4xx_hal_gpio.o
 .debug_aranges
                0x0000000000000438      0x2a0 ./Drivers/STM32F4xx_HAL_Driver/Src/stm32f4xx_hal_i2c.o
 .debug_aranges
                0x00000000000006d8       0x88 ./Drivers/STM32F4xx_HAL_Driver/Src/stm32f4xx_hal_rcc.o
 .debug_aranges
                0x0000000000000760      0x200 ./Drivers/STM32F4xx_HAL_Driver/Src/stm32f4xx_hal_uart.o
 .debug_aranges
                0x0000000000000960       0x38 ./HDC1080/HDC1080.o
 .debug_aranges
                0x0000000000000998       0x78 ./ModbusRTU_slave/ModbusRTU_slave.o

.debug_ranges   0x0000000000000000      0x990
 .debug_ranges  0x0000000000000000       0x38 ./Core/Src/main.o
 .debug_ranges  0x0000000000000038       0x30 ./Core/Src/stm32f4xx_hal_msp.o
 .debug_ranges  0x0000000000000068       0x60 ./Core/Src/stm32f4xx_it.o
 .debug_ranges  0x00000000000000c8       0x18 ./Core/Src/system_stm32f4xx.o
 .debug_ranges  0x00000000000000e0       0x20 ./Core/Startup/startup_stm32f411ceux.o
 .debug_ranges  0x0000000000000100       0xe0 ./Drivers/STM32F4xx_HAL_Driver/Src/stm32f4xx_hal.o
 .debug_ranges  0x00000000000001e0      0x108 ./Drivers/STM32F4xx_HAL_Driver/Src/stm32f4xx_hal_cortex.o
 .debug_ranges  0x00000000000002e8       0x80 ./Drivers/STM32F4xx_HAL_Driver/Src/stm32f4xx_hal_dma.o
 .debug_ranges  0x0000000000000368       0x48 ./Drivers/STM32F4xx_HAL_Driver/Src/stm32f4xx_hal_gpio.o
 .debug_ranges  0x00000000000003b0      0x2b8 ./Drivers/STM32F4xx_HAL_Driver/Src/stm32f4xx_hal_i2c.o
 .debug_ranges  0x0000000000000668       0x78 ./Drivers/STM32F4xx_HAL_Driver/Src/stm32f4xx_hal_rcc.o
 .debug_ranges  0x00000000000006e0      0x220 ./Drivers/STM32F4xx_HAL_Driver/Src/stm32f4xx_hal_uart.o
 .debug_ranges  0x0000000000000900       0x28 ./HDC1080/HDC1080.o
 .debug_ranges  0x0000000000000928       0x68 ./ModbusRTU_slave/ModbusRTU_slave.o

.debug_macro    0x0000000000000000    0x153ca
 .debug_macro   0x0000000000000000      0x1fe ./Core/Src/main.o
 .debug_macro   0x00000000000001fe      0xaa8 ./Core/Src/main.o
 .debug_macro   0x0000000000000ca6      0x29b ./Core/Src/main.o
 .debug_macro   0x0000000000000f41       0x2e ./Core/Src/main.o
 .debug_macro   0x0000000000000f6f       0x28 ./Core/Src/main.o
 .debug_macro   0x0000000000000f97       0x22 ./Core/Src/main.o
 .debug_macro   0x0000000000000fb9       0x8e ./Core/Src/main.o
 .debug_macro   0x0000000000001047       0x51 ./Core/Src/main.o
 .debug_macro   0x0000000000001098      0x103 ./Core/Src/main.o
 .debug_macro   0x000000000000119b       0x6a ./Core/Src/main.o
 .debug_macro   0x0000000000001205      0x1df ./Core/Src/main.o
 .debug_macro   0x00000000000013e4       0x1c ./Core/Src/main.o
 .debug_macro   0x0000000000001400       0x22 ./Core/Src/main.o
 .debug_macro   0x0000000000001422       0xdf ./Core/Src/main.o
 .debug_macro   0x0000000000001501     0x102d ./Core/Src/main.o
 .debug_macro   0x000000000000252e      0x11f ./Core/Src/main.o
 .debug_macro   0x000000000000264d     0xb953 ./Core/Src/main.o
 .debug_macro   0x000000000000dfa0       0x6d ./Core/Src/main.o
 .debug_macro   0x000000000000e00d     0x3666 ./Core/Src/main.o
 .debug_macro   0x0000000000011673      0x174 ./Core/Src/main.o
 .debug_macro   0x00000000000117e7       0x5c ./Core/Src/main.o
 .debug_macro   0x0000000000011843      0x447 ./Core/Src/main.o
 .debug_macro   0x0000000000011c8a      0x9fe ./Core/Src/main.o
 .debug_macro   0x0000000000012688      0x116 ./Core/Src/main.o
 .debug_macro   0x000000000001279e      0x11b ./Core/Src/main.o
 .debug_macro   0x00000000000128b9       0xa5 ./Core/Src/main.o
 .debug_macro   0x000000000001295e      0x15f ./Core/Src/main.o
 .debug_macro   0x0000000000012abd      0x287 ./Core/Src/main.o
 .debug_macro   0x0000000000012d44       0x5f ./Core/Src/main.o
 .debug_macro   0x0000000000012da3      0x236 ./Core/Src/main.o
 .debug_macro   0x0000000000012fd9      0x132 ./Core/Src/main.o
 .debug_macro   0x000000000001310b      0x264 ./Core/Src/main.o
 .debug_macro   0x000000000001336f       0x2e ./Core/Src/main.o
 .debug_macro   0x000000000001339d      0x1b5 ./Core/Src/main.o
 .debug_macro   0x0000000000013552       0x22 ./Core/Src/main.o
 .debug_macro   0x0000000000013574       0xd6 ./Core/Src/main.o
 .debug_macro   0x000000000001364a      0x11a ./Core/Src/main.o
 .debug_macro   0x0000000000013764       0x85 ./Core/Src/main.o
 .debug_macro   0x00000000000137e9       0x89 ./Core/Src/main.o
 .debug_macro   0x0000000000013872      0x295 ./Core/Src/main.o
 .debug_macro   0x0000000000013b07      0x126 ./Core/Src/main.o
 .debug_macro   0x0000000000013c2d       0x22 ./Core/Src/main.o
 .debug_macro   0x0000000000013c4f       0x16 ./Core/Src/main.o
 .debug_macro   0x0000000000013c65       0x22 ./Core/Src/main.o
 .debug_macro   0x0000000000013c87      0x1dd ./Core/Src/stm32f4xx_hal_msp.o
 .debug_macro   0x0000000000013e64      0x1f0 ./Core/Src/stm32f4xx_it.o
 .debug_macro   0x0000000000014054      0x1d3 ./Core/Src/system_stm32f4xx.o
 .debug_macro   0x0000000000014227      0x233 ./Drivers/STM32F4xx_HAL_Driver/Src/stm32f4xx_hal.o
 .debug_macro   0x000000000001445a      0x1d3 ./Drivers/STM32F4xx_HAL_Driver/Src/stm32f4xx_hal_cortex.o
 .debug_macro   0x000000000001462d      0x1d9 ./Drivers/STM32F4xx_HAL_Driver/Src/stm32f4xx_hal_dma.o
 .debug_macro   0x0000000000014806      0x1d9 ./Drivers/STM32F4xx_HAL_Driver/Src/stm32f4xx_hal_gpio.o
 .debug_macro   0x00000000000149df      0x21a ./Drivers/STM32F4xx_HAL_Driver/Src/stm32f4xx_hal_i2c.o
 .debug_macro   0x0000000000014bf9      0x1f7 ./Drivers/STM32F4xx_HAL_Driver/Src/stm32f4xx_hal_rcc.o
 .debug_macro   0x0000000000014df0      0x1d4 ./Drivers/STM32F4xx_HAL_Driver/Src/stm32f4xx_hal_uart.o
 .debug_macro   0x0000000000014fc4      0x1f5 ./HDC1080/HDC1080.o
 .debug_macro   0x00000000000151b9      0x1f5 ./ModbusRTU_slave/ModbusRTU_slave.o
 .debug_macro   0x00000000000153ae       0x1c ./ModbusRTU_slave/ModbusRTU_slave.o

.debug_line     0x0000000000000000     0xd2e7
 .debug_line    0x0000000000000000      0x87b ./Core/Src/main.o
 .debug_line    0x000000000000087b      0x765 ./Core/Src/stm32f4xx_hal_msp.o
 .debug_line    0x0000000000000fe0      0x7d8 ./Core/Src/stm32f4xx_it.o
 .debug_line    0x00000000000017b8      0x748 ./Core/Src/system_stm32f4xx.o
 .debug_line    0x0000000000001f00       0x88 ./Core/Startup/startup_stm32f411ceux.o
 .debug_line    0x0000000000001f88      0x9ae ./Drivers/STM32F4xx_HAL_Driver/Src/stm32f4xx_hal.o
 .debug_line    0x0000000000002936      0xc5d ./Drivers/STM32F4xx_HAL_Driver/Src/stm32f4xx_hal_cortex.o
 .debug_line    0x0000000000003593      0xf13 ./Drivers/STM32F4xx_HAL_Driver/Src/stm32f4xx_hal_dma.o
 .debug_line    0x00000000000044a6      0xae8 ./Drivers/STM32F4xx_HAL_Driver/Src/stm32f4xx_hal_gpio.o
 .debug_line    0x0000000000004f8e     0x395a ./Drivers/STM32F4xx_HAL_Driver/Src/stm32f4xx_hal_i2c.o
 .debug_line    0x00000000000088e8      0xd28 ./Drivers/STM32F4xx_HAL_Driver/Src/stm32f4xx_hal_rcc.o
 .debug_line    0x0000000000009610     0x2a35 ./Drivers/STM32F4xx_HAL_Driver/Src/stm32f4xx_hal_uart.o
 .debug_line    0x000000000000c045      0x77a ./HDC1080/HDC1080.o
 .debug_line    0x000000000000c7bf      0xb28 ./ModbusRTU_slave/ModbusRTU_slave.o

.debug_str      0x0000000000000000    0x847c5
 .debug_str     0x0000000000000000    0x81e83 ./Core/Src/main.o
                                      0x821a6 (size before relaxing)
 .debug_str     0x0000000000081e83      0x409 ./Core/Src/stm32f4xx_hal_msp.o
                                      0x81fbc (size before relaxing)
 .debug_str     0x000000000008228c       0xea ./Core/Src/stm32f4xx_it.o
                                      0x81955 (size before relaxing)
 .debug_str     0x0000000000082376       0xaf ./Core/Src/system_stm32f4xx.o
                                      0x81534 (size before relaxing)
 .debug_str     0x0000000000082425       0x36 ./Core/Startup/startup_stm32f411ceux.o
                                         0x6c (size before relaxing)
 .debug_str     0x000000000008245b      0x58d ./Drivers/STM32F4xx_HAL_Driver/Src/stm32f4xx_hal.o
                                      0x81ebe (size before relaxing)
 .debug_str     0x00000000000829e8      0x399 ./Drivers/STM32F4xx_HAL_Driver/Src/stm32f4xx_hal_cortex.o
                                      0x81c9b (size before relaxing)
 .debug_str     0x0000000000082d81      0x328 ./Drivers/STM32F4xx_HAL_Driver/Src/stm32f4xx_hal_dma.o
                                      0x8194c (size before relaxing)
 .debug_str     0x00000000000830a9      0x15f ./Drivers/STM32F4xx_HAL_Driver/Src/stm32f4xx_hal_gpio.o
                                      0x816db (size before relaxing)
 .debug_str     0x0000000000083208      0xabe ./Drivers/STM32F4xx_HAL_Driver/Src/stm32f4xx_hal_i2c.o
                                      0x824a9 (size before relaxing)
 .debug_str     0x0000000000083cc6      0x24e ./Drivers/STM32F4xx_HAL_Driver/Src/stm32f4xx_hal_rcc.o
                                      0x81936 (size before relaxing)
 .debug_str     0x0000000000083f14      0x5e7 ./Drivers/STM32F4xx_HAL_Driver/Src/stm32f4xx_hal_uart.o
                                      0x81eaa (size before relaxing)
 .debug_str     0x00000000000844fb       0x54 ./HDC1080/HDC1080.o
                                      0x819ae (size before relaxing)
 .debug_str     0x000000000008454f      0x276 ./ModbusRTU_slave/ModbusRTU_slave.o
                                      0x81b51 (size before relaxing)

.comment        0x0000000000000000       0x53
 .comment       0x0000000000000000       0x53 ./Core/Src/main.o
                                         0x54 (size before relaxing)
 .comment       0x0000000000000053       0x54 ./Core/Src/stm32f4xx_hal_msp.o
 .comment       0x0000000000000053       0x54 ./Core/Src/stm32f4xx_it.o
 .comment       0x0000000000000053       0x54 ./Core/Src/system_stm32f4xx.o
 .comment       0x0000000000000053       0x54 ./Drivers/STM32F4xx_HAL_Driver/Src/stm32f4xx_hal.o
 .comment       0x0000000000000053       0x54 ./Drivers/STM32F4xx_HAL_Driver/Src/stm32f4xx_hal_cortex.o
 .comment       0x0000000000000053       0x54 ./Drivers/STM32F4xx_HAL_Driver/Src/stm32f4xx_hal_dma.o
 .comment       0x0000000000000053       0x54 ./Drivers/STM32F4xx_HAL_Driver/Src/stm32f4xx_hal_gpio.o
 .comment       0x0000000000000053       0x54 ./Drivers/STM32F4xx_HAL_Driver/Src/stm32f4xx_hal_i2c.o
 .comment       0x0000000000000053       0x54 ./Drivers/STM32F4xx_HAL_Driver/Src/stm32f4xx_hal_rcc.o
 .comment       0x0000000000000053       0x54 ./Drivers/STM32F4xx_HAL_Driver/Src/stm32f4xx_hal_uart.o
 .comment       0x0000000000000053       0x54 ./HDC1080/HDC1080.o
 .comment       0x0000000000000053       0x54 ./ModbusRTU_slave/ModbusRTU_slave.o

.debug_frame    0x0000000000000000     0x296c
 .debug_frame   0x0000000000000000       0xc4 ./Core/Src/main.o
 .debug_frame   0x00000000000000c4       0xc8 ./Core/Src/stm32f4xx_hal_msp.o
 .debug_frame   0x000000000000018c      0x148 ./Core/Src/stm32f4xx_it.o
 .debug_frame   0x00000000000002d4       0x58 ./Core/Src/system_stm32f4xx.o
 .debug_frame   0x000000000000032c      0x374 ./Drivers/STM32F4xx_HAL_Driver/Src/stm32f4xx_hal.o
 .debug_frame   0x00000000000006a0      0x498 ./Drivers/STM32F4xx_HAL_Driver/Src/stm32f4xx_hal_cortex.o
 .debug_frame   0x0000000000000b38      0x250 ./Drivers/STM32F4xx_HAL_Driver/Src/stm32f4xx_hal_dma.o
 .debug_frame   0x0000000000000d88      0x14c ./Drivers/STM32F4xx_HAL_Driver/Src/stm32f4xx_hal_gpio.o
 .debug_frame   0x0000000000000ed4      0xc5c ./Drivers/STM32F4xx_HAL_Driver/Src/stm32f4xx_hal_i2c.o
 .debug_frame   0x0000000000001b30      0x1ec ./Drivers/STM32F4xx_HAL_Driver/Src/stm32f4xx_hal_rcc.o
 .debug_frame   0x0000000000001d1c      0x92c ./Drivers/STM32F4xx_HAL_Driver/Src/stm32f4xx_hal_uart.o
 .debug_frame   0x0000000000002648       0x98 ./HDC1080/HDC1080.o
 .debug_frame   0x00000000000026e0      0x1e0 ./ModbusRTU_slave/ModbusRTU_slave.o
 .debug_frame   0x00000000000028c0       0x2c c:/st/stm32cubeide_1.7.0/stm32cubeide/plugins/com.st.stm32cube.ide.mcu.externaltools.gnu-tools-for-stm32.9-2020-q2-update.win32_2.0.0.202105311346/tools/bin/../lib/gcc/arm-none-eabi/9.3.1/../../../../arm-none-eabi/lib/thumb/v7e-m+fp/hard\libc_nano.a(lib_a-init.o)
 .debug_frame   0x00000000000028ec       0x20 c:/st/stm32cubeide_1.7.0/stm32cubeide/plugins/com.st.stm32cube.ide.mcu.externaltools.gnu-tools-for-stm32.9-2020-q2-update.win32_2.0.0.202105311346/tools/bin/../lib/gcc/arm-none-eabi/9.3.1/../../../../arm-none-eabi/lib/thumb/v7e-m+fp/hard\libc_nano.a(lib_a-memset.o)
 .debug_frame   0x000000000000290c       0x2c c:/st/stm32cubeide_1.7.0/stm32cubeide/plugins/com.st.stm32cube.ide.mcu.externaltools.gnu-tools-for-stm32.9-2020-q2-update.win32_2.0.0.202105311346/tools/bin/../lib/gcc/arm-none-eabi/9.3.1/thumb/v7e-m+fp/hard\libgcc.a(_aeabi_uldivmod.o)
 .debug_frame   0x0000000000002938       0x34 c:/st/stm32cubeide_1.7.0/stm32cubeide/plugins/com.st.stm32cube.ide.mcu.externaltools.gnu-tools-for-stm32.9-2020-q2-update.win32_2.0.0.202105311346/tools/bin/../lib/gcc/arm-none-eabi/9.3.1/thumb/v7e-m+fp/hard\libgcc.a(_udivmoddi4.o)
