core_cm3.h:1511:22:__NVIC_EnableIRQ	16	static
stm32f103xx_CMSIS.c:38:6:CMSIS_Debug_init	4	static
stm32f103xx_CMSIS.c:96:6:CMSIS_RCC_SystemClock_72MHz	4	static
stm32f103xx_CMSIS.c:460:6:CMSIS_SysTick_Timer_init	4	static
stm32f103xx_CMSIS.c:560:6:Delay_ms	16	static
stm32f103xx_CMSIS.c:574:6:SysTick_Handler	4	static
stm32f103xx_CMSIS.c:676:6:CMSIS_PC13_OUTPUT_Push_Pull_init	4	static
stm32f103xx_CMSIS.c:683:13:CMSIS_GPIO_MODE_Set	24	static
stm32f103xx_CMSIS.c:699:13:CMSIS_GPIO_SPEED_Set	24	static
stm32f103xx_CMSIS.c:719:13:CMSIS_GPIO_CNF_Set	24	static
stm32f103xx_CMSIS.c:730:13:CMSIS_GPIO_Reg_Set	24	static
stm32f103xx_CMSIS.c:794:6:CMSIS_GPIO_init	32	static
stm32f103xx_CMSIS.c:825:6:CMSIS_Blink_PC13	16	static
stm32f103xx_CMSIS.c:839:6:CMSIS_PA8_MCO_init	4	static
stm32f103xx_CMSIS.c:880:6:CMSIS_RCC_AFIO_enable	4	static
stm32f103xx_CMSIS.c:901:6:CMSIS_AFIO_EXTICR1_B0_select	4	static
stm32f103xx_CMSIS.c:911:6:CMSIS_PB0_INPUT_Pull_Down_init	4	static
stm32f103xx_CMSIS.c:928:6:CMSIS_EXTI_0_init	8	static
stm32f103xx_CMSIS.c:1008:13:EXTI0_IRQHandler	4	static
stm32f103xx_CMSIS.c:1079:6:CMSIS_TIM3_init	8	static
stm32f103xx_CMSIS.c:1109:6:CMSIS_TIM3_PWM_CHANNEL1_init	4	static
stm32f103xx_CMSIS.c:1130:6:CMSIS_TIM3_PWM_CHANNEL2_init	4	static
stm32f103xx_CMSIS.c:1151:13:TIM3_IRQHandler	4	static
stm32f103xx_CMSIS.c:1157:6:CMSIS_TIM1_init	4	static
stm32f103xx_CMSIS.c:1190:6:CMSIS_TIM1_PWM_CHANNEL1_init	4	static
stm32f103xx_CMSIS.c:1211:6:CMSIS_TIM1_PWM_CHANNEL2_init	4	static
stm32f103xx_CMSIS.c:1232:13:TIM1_UP_IRQHandler	4	static
stm32f103xx_CMSIS.c:1346:6:CMSIS_ADC_DMA_init	8	static
stm32f103xx_CMSIS.c:1454:13:ADC1_2_IRQHandler	4	static
stm32f103xx_CMSIS.c:1463:13:DMA1_Channel1_IRQHandler	4	static
stm32f103xx_CMSIS.c:1612:6:CMSIS_USART1_Init	8	static
stm32f103xx_CMSIS.c:1690:6:CMSIS_USART2_Init	8	static
stm32f103xx_CMSIS.c:1763:13:USART1_IRQHandler	4	static
stm32f103xx_CMSIS.c:1777:13:USART2_IRQHandler	4	static
stm32f103xx_CMSIS.c:1800:6:CMSIS_USART_Transmit	32	static
stm32f103xx_CMSIS.c:1865:6:CMSIS_I2C_Reset	16	static
stm32f103xx_CMSIS.c:1884:6:CMSIS_I2C_Init	16	static
stm32f103xx_CMSIS.c:1972:6:CMSIS_I2C_Adress_Device_Scan	24	static
stm32f103xx_CMSIS.c:2048:6:CMSIS_I2C_Data_Transmit	24	static
stm32f103xx_CMSIS.c:2150:6:CMSIS_I2C_Data_Receive	32	static
stm32f103xx_CMSIS.c:2260:6:CMSIS_I2C_MemWrite	24	static
stm32f103xx_CMSIS.c:2374:6:CMSIS_I2C_MemRead	24	static
stm32f103xx_CMSIS.c:2565:6:CMSIS_SPI1_init	4	static
stm32f103xx_CMSIS.c:2651:6:CMSIS_SPI_Data_Transmit_8BIT	32	static
stm32f103xx_CMSIS.c:2701:6:CMSIS_SPI_Data_Transmit_16BIT	32	static
stm32f103xx_CMSIS.c:2751:6:CMSIS_SPI_Data_Receive_8BIT	32	static
stm32f103xx_CMSIS.c:2800:6:CMSIS_SPI_TransmitReceive_8BIT	32	static
stm32f103xx_CMSIS.c:2910:6:CMSIS_SPI_Data_Receive_16BIT	32	static
stm32f103xx_CMSIS.c:2980:6:FLASH_Unlock	4	static
stm32f103xx_CMSIS.c:2993:6:FLASH_Lock	4	static
stm32f103xx_CMSIS.c:3005:6:FLASH_Page_erase	16	static
stm32f103xx_CMSIS.c:3029:6:FLASH_Page_write	32	static
stm32f103xx_CMSIS.c:3077:6:FLASH_Read_data	32	static
